// Jest Snapshot v1, https://goo.gl/fbAQLP

exports[`Prubas del navbar Deberia cargar correctamente 1`] = `ReactWrapper {}`;
