// Jest Snapshot v1, https://goo.gl/fbAQLP

exports[`Pruabs del search screen Debe de cargaar correctamente con valores por defecto 1`] = `ReactWrapper {}`;
