// Jest Snapshot v1, https://goo.gl/fbAQLP

exports[`Prubas del login screen Debe de cargar correctamente 1`] = `ReactWrapper {}`;
